#version 450 core
#line 2 0

#line 3 0
layout(location = 0) in vec4 pos;
#line 4 0

#line 5 0
layout(std140, binding = 0) uniform Matrices
#line 6 0
{
#line 7 0
    mat4 projection;
#line 8 0
    mat4 view;
#line 9 0
};
#line 10 0

#line 11 0
uniform mat4 model;
#line 12 0

#line 13 0
void main()
#line 14 0
{
#line 15 0
    gl_Position = projection * view * model * vec4(pos.xyz, 1.0);
#line 16 0
}
